// Jest Snapshot v1, https://goo.gl/fbAQLP

exports[`<Board /> renders 1`] = `
<Fragment>
  <BoardRow>
    <Square
      onClick={[Function]}
      value={null}
    />
    <Square
      onClick={[Function]}
      value={null}
    />
    <Square
      onClick={[Function]}
      value={null}
    />
  </BoardRow>
  <BoardRow>
    <Square
      onClick={[Function]}
      value={null}
    />
    <Square
      onClick={[Function]}
      value={null}
    />
    <Square
      onClick={[Function]}
      value={null}
    />
  </BoardRow>
  <BoardRow>
    <Square
      onClick={[Function]}
      value={null}
    />
    <Square
      onClick={[Function]}
      value={null}
    />
    <Square
      onClick={[Function]}
      value={null}
    />
  </BoardRow>
  <button
    onClick={[Function]}
  >
    Back in History
  </button>
</Fragment>
`;
