// Jest Snapshot v1, https://goo.gl/fbAQLP

exports[`<Board /> renders 1`] = `
<Fragment>
  <styled__Status>
    Next player: X
  </styled__Status>
  <styled__BoardRow>
    <Square
      onClick={[Function]}
      value={null}
    />
    <Square
      onClick={[Function]}
      value={null}
    />
    <Square
      onClick={[Function]}
      value={null}
    />
  </styled__BoardRow>
  <styled__BoardRow>
    <Square
      onClick={[Function]}
      value={null}
    />
    <Square
      onClick={[Function]}
      value={null}
    />
    <Square
      onClick={[Function]}
      value={null}
    />
  </styled__BoardRow>
  <styled__BoardRow>
    <Square
      onClick={[Function]}
      value={null}
    />
    <Square
      onClick={[Function]}
      value={null}
    />
    <Square
      onClick={[Function]}
      value={null}
    />
  </styled__BoardRow>
  <button
    onClick={[Function]}
  >
    Back in History
  </button>
</Fragment>
`;
