// Jest Snapshot v1, https://goo.gl/fbAQLP

exports[`<Board /> renders 1`] = `
<BoardContainer>
  <BoardRow>
    <Square
      onClick={[Function]}
      value={null}
    />
    <Square
      onClick={[Function]}
      value={null}
    />
    <Square
      onClick={[Function]}
      value={null}
    />
  </BoardRow>
  <BoardRow>
    <Square
      onClick={[Function]}
      value={null}
    />
    <Square
      onClick={[Function]}
      value={null}
    />
    <Square
      onClick={[Function]}
      value={null}
    />
  </BoardRow>
  <BoardRow>
    <Square
      onClick={[Function]}
      value={null}
    />
    <Square
      onClick={[Function]}
      value={null}
    />
    <Square
      onClick={[Function]}
      value={null}
    />
  </BoardRow>
</BoardContainer>
`;
